---
source: sudo-compliance-tests/src/visudo.rs
expression: args
---
-- /tmp/sudoers-[hex].tmp
