---
source: sudo-compliance-tests/src/visudo.rs
expression: stderr
---
visudo: /tmp/sudoers-[hex].tmp unchanged
